# --- amr_proxy 0.2, start 127.0.0.1:5003 ---
+    2.823 UP 08001501000000190000000000000000222f0800122b0a0561646d696e12203231323332663239376135376135613734333839346130653461383031666333181e
#        UP kind=0 seq=1 sess=0x0 type=0 len=65
+    2.823 DN 0802156500000019d630005a000000002a2a08021a2610022218100418e1fcffffffffffffff0138a3f7ffffffffffffff013a02400052046d617031
#        DN kind=2 seq=101 sess=0x5a0030d6 type=2 len=60
+    2.823 UP 0800150200000019d630005a0000000022090864120508b4011000
#        UP kind=0 seq=2 sess=0x5a0030d6 type=100 len=27
+    2.823 DN 0801150100000019d630005a000000002a020800
#        DN kind=1 seq=1 sess=0x5a0030d6 type=0 len=20
+    2.823 UP 0800150300000019d630005a0000000022020801
#        UP kind=0 seq=3 sess=0x5a0030d6 type=1 len=20
+    2.823 UP 0800150400000019d630005a0000000022020811
#        UP kind=0 seq=4 sess=0x5a0030d6 type=17 len=20
+    2.823 DN 0801150200000019d630005a000000002a020864
#        DN kind=1 seq=2 sess=0x5a0030d6 type=100 len=20
+    2.823 UP 0800150500000019d630005a0000000022020804
#        UP kind=0 seq=5 sess=0x5a0030d6 type=4 len=20
+    2.823 DN 0801150300000019d630005a000000002a020801
#        DN kind=1 seq=3 sess=0x5a0030d6 type=1 len=20
+    2.865 DN 0801150400000019d630005a000000002a020811
#        DN kind=1 seq=4 sess=0x5a0030d6 type=17 len=20
+    2.865 DN 0801150500000019d630005a000000002a020804
#        DN kind=1 seq=5 sess=0x5a0030d6 type=4 len=20
+    2.923 UP 0800150600000019d630005a0000000022090864120508b4011000
#        UP kind=0 seq=6 sess=0x5a0030d6 type=100 len=27
+    2.924 DN 0801150600000019d630005a000000002a020864
#        DN kind=1 seq=6 sess=0x5a0030d6 type=100 len=20
+    3.023 UP 0800150700000019d630005a0000000022090864120508b4011000
#        UP kind=0 seq=7 sess=0x5a0030d6 type=100 len=27
+    3.023 DN 0802156600000019d630005a000000002a2a08021a2610072218101418c1fcffffffffffffff0138a3f7ffffffffffffff013a02400052046d617031
#        DN kind=2 seq=102 sess=0x5a0030d6 type=2 len=60
+    3.024 DN 0801150700000019d630005a000000002a020864
#        DN kind=1 seq=7 sess=0x5a0030d6 type=100 len=20
+    3.123 UP 0800150800000019d630005a0000000022090864120508b4011000
#        UP kind=0 seq=8 sess=0x5a0030d6 type=100 len=27
+    3.124 DN 0801150800000019d630005a000000002a020864
#        DN kind=1 seq=8 sess=0x5a0030d6 type=100 len=20
+    3.223 UP 0800150900000019d630005a0000000022090864120508b4011000
#        UP kind=0 seq=9 sess=0x5a0030d6 type=100 len=27
+    3.223 UP 0800150a00000019d630005a0000000022020866
#        UP kind=0 seq=10 sess=0x5a0030d6 type=102 len=20
+    3.224 DN 0801150900000019d630005a000000002a020864
#        DN kind=1 seq=9 sess=0x5a0030d6 type=100 len=20
+    3.224 DN 0801150a00000019d630005a000000002a020866
#        DN kind=1 seq=10 sess=0x5a0030d6 type=102 len=20
+    3.224 DN 0802156700000019d630005a000000002a2a08021a2610072218102318a0fcffffffffffffff0138a3f7ffffffffffffff013a02400052046d617031
#        DN kind=2 seq=103 sess=0x5a0030d6 type=2 len=60
+    3.281 UP 0800150b00000019d630005a0000000022020866
#        UP kind=0 seq=11 sess=0x5a0030d6 type=102 len=20
+    3.282 DN 0801150b00000019d630005a000000002a020866
#        DN kind=1 seq=11 sess=0x5a0030d6 type=102 len=20
+    3.424 DN 0802156800000019d630005a000000002a2a08021a2610022218102318a0fcffffffffffffff0138a3f7ffffffffffffff013a02400052046d617031
#        DN kind=2 seq=104 sess=0x5a0030d6 type=2 len=60
+    3.624 DN 0802156900000019d630005a000000002a2a08021a2610022218102318a0fcffffffffffffff0138a3f7ffffffffffffff013a02400052046d617031
#        DN kind=2 seq=105 sess=0x5a0030d6 type=2 len=60
+    3.825 DN 0802156a00000019d630005a000000002a2a08021a2610022218102318a0fcffffffffffffff0138a3f7ffffffffffffff013a02400052046d617031
#        DN kind=2 seq=106 sess=0x5a0030d6 type=2 len=60
# --- podsumowanie ---
#  DN kind=1 type=0             1
#  DN kind=1 type=1             1
#  DN kind=1 type=100           5
#  DN kind=1 type=102           2
#  DN kind=1 type=17            1
#  DN kind=1 type=4             1
#  DN kind=2 type=2             6
#  UP kind=0 type=0             1
#  UP kind=0 type=1             1
#  UP kind=0 type=100           5
#  UP kind=0 type=102           2
#  UP kind=0 type=17            1
#  UP kind=0 type=4             1
# --- koniec, zapisano 28 ramek ---
